// Jest Snapshot v1, https://goo.gl/fbAQLP

exports[`Pruebas en MultipleCustomHooks debe de mostrarse correctamente 1`] = `
<div
  className="row justify-content-center"
  data-testid="MultipleCustomHooks"
>
  <div
    className="col-md-4"
  >
    <h1>
      Breaking Bad 
    </h1>
    <div
      className="card"
    >
      <img
        alt=""
        className="card-img-top "
        height="400px"
      />
      <div
        className="card-body"
      >
        <h4
          className="card-title"
        />
        <p
          className="card-text"
        />
        <p
          className="card-text"
        />
      </div>
    </div>
    <div
      className="d-flex justify-content-center my-2"
    >
      <button
        className="btn btn-lg btn-primary mx-2"
        onClick={[Function]}
      >
        Previous
      </button>
      <button
        className="btn btn-lg btn-primary mx-2"
        onClick={[Function]}
      >
        Next
      </button>
    </div>
  </div>
</div>
`;
